{
    "courses": {
        "physics": {
            "name": "Physics"
        },
        "mathematics": {
            "name": "Mathematics"
        },
        "english": {
            "name": "English"
        }
    }
}
